// Jest Snapshot v1, https://goo.gl/fbAQLP

exports[`Admin page showing all users passes snapshot test 1`] = `
<DocumentFragment>
  <div
    class="MuiGrid-root MuiGrid-container MuiGrid-direction-xs-column"
  >
    <div
      class="MuiGrid-root MuiGrid-item"
    >
      <a
        class="MuiTypography-root MuiTypography-body1"
        href="/"
      >
        Back to Home
      </a>
    </div>
    <div
      class="MuiGrid-root MuiGrid-item"
    >
      <h5
        class="MuiTypography-root makeStyles-header-1 MuiTypography-h5 MuiTypography-alignCenter"
      >
        Users
      </h5>
    </div>
    <div
      class="MuiGrid-root makeStyles-dataGrid-2 MuiGrid-item"
    />
  </div>
</DocumentFragment>
`;
